00:55:42 **** Incremental Build of configuration Debug for project 3led ****
make -j12 all 
arm-none-eabi-gcc "../Core/Src/main.c" -mcpu=cortex-m3 -std=gnu11 -g3 -DDEBUG -DUSE_HAL_DRIVER -DSTM32F103x6 -c -I../Core/Inc -I../Drivers/STM32F1xx_HAL_Driver/Inc -I../Drivers/STM32F1xx_HAL_Driver/Inc/Legacy -I../Drivers/CMSIS/Device/ST/STM32F1xx/Include -I../Drivers/CMSIS/Include -O0 -ffunction-sections -fdata-sections -Wall -fstack-usage -MMD -MP -MF"Core/Src/main.d" -MT"Core/Src/main.o" --specs=nano.specs -mfloat-abi=soft -mthumb -o "Core/Src/main.o"
arm-none-eabi-gcc -o "3led.elf" @"objects.list"   -mcpu=cortex-m3 -T"C:\Users\Admin\Desktop\Lab VXL\Lab 1\Ex2\3led\STM32F103C6UX_FLASH.ld" --specs=nosys.specs -Wl,-Map="3led.map" -Wl,--gc-sections -static --specs=nano.specs -mfloat-abi=soft -mthumb -Wl,--start-group -lc -lm -Wl,--end-group
Finished building target: 3led.elf
 
arm-none-eabi-size   3led.elf 
arm-none-eabi-objdump -h -S  3led.elf  > "3led.list"
arm-none-eabi-objcopy  -O ihex  3led.elf  "3led.hex"
   text	   data	    bss	    dec	    hex	filename
   4664	     20	   1572	   6256	   1870	3led.elf
arm-none-eabi-objcopy  -O binary  3led.elf  "3led.bin"
Finished building: default.size.stdout
 
Finished building: 3led.hex
Finished building: 3led.bin
Finished building: 3led.list
 
 
 

00:55:42 Build Finished. 0 errors, 0 warnings. (took 659ms)

